<!DOCTYPE html>
<html lang="en">

<head>

    <meta charset="UTF-8">
    <meta name="viewport" content="width=device-width, initial-scale=1 ">
    <!--meta name="format-detection" content="telephone=no"-->
    <link rel="stylesheet" href="css/style.css" />
    <title>Golden</title>

</head>

<body>
    <div class="wrapper">
        <section class="title_section_1">
            <header>
                <div class="header_logo">golden</div>

                <nav class="menu_block">
                    <ul>
                        <li class="disable current"><a href="#">menu</a></li>
                        <li><a href="#">home</a></li>
                        <li><a href="#services">services</a></li>
                        <li><a href="#portfolio">portfolio</a></li>
                        <li><a href="#about">about</a></li>
                        <li><a href="#contact">contact</a></li>
                    </ul>
                </nav>
            </header>
            <div class="header_content">
                <p>welcome to our studio!</p>
                <h1>it's nice to meet you</h1>
                <button>tell me more</button>
            </div>

        </section>
        <section id="services" class="services_frame_2">

            <h2>services</h2>
            <p>Lorem ipsum dolor sit amet consectetur.</p>

            <div id="cats">
                <div class="cat">
                    <div class="icon basket"></div>
                    <h3>e-commerce</h3>

                    <p>Lorem ipsum dolor sit amet, <br> adipisicing elit. Assumenda comm<br> hic in libero modi omnis.</p>
                </div>
                <div class="cat">
                    <div class="icon laptop"></div>
                    <h3>responsive web</h3>

                    <p>Lorem ipsum dolor sit amet, <br> adipisicing elit. Assumenda comm<br> hic in libero modi omnis.</p>
                </div>
                <div class="cat">
                    <div class="icon lock"></div>
                    <h3>web security</h3>

                    <p>Lorem ipsum dolor sit amet, <br> adipisicing elit. Assumenda comm<br> hic in libero modi omnis.</p>
                </div>
            </div>
        </section>

        <a id="portfolio"></a>
        <section class="portfolio_frame_3">
            <h2>our portfolio</h2>
            <p>Lorem ipsum dolor sit amet consectetur.</p>

            <div id="items">
                <div class="item">
                    <a href="#">
                        <img src="./img/frame_3/pics1_1.jpg" alt="">
                        <h4>ebony & ivory</h4>
                        <p>branding</p>
                    </a>
                </div>
                <div class="item">
                    <a href="#">
                        <img src="./img/frame_3/pics1_2.jpg" alt="">
                        <h4>smart stationary</h4>
                        <p>print design</p>
                    </a>
                </div>
                <div class="item">
                    <a href="#">
                        <img src="./img/frame_3/pics1_3.jpg" alt="">
                        <h4>clever paster</h4>
                        <p>print design</p>
                    </a>
                </div>
                <div class="item">
                    <a href="#">
                        <img src="./img/frame_3/pics2_1.jpg" alt="">
                        <h4>vinyl record</h4>
                        <p>product mock-up</p>
                    </a>
                </div>
                <div class="item">
                    <a href="#">
                        <img src="./img/frame_3/pics2_2.jpg" alt="">
                        <h4>treehouse template</h4>
                        <p>web design</p>
                    </a>
                </div>
                <div class="item">
                    <a href="#">
                        <img src="./img/frame_3/pics2_3.jpg" alt="">
                        <h4>burned</h4>
                        <p>branding</p>
                    </a>
                </div>
            </div>

        </section>
         <a id="about"></a>
        <section class="aboutus_frame_4">
            <h2>about us</h2>
            <p>Lorem ipsum dolor sit amet consectetur.</p>

            <div class="time_stamp">
                <div class="image ts_img_1">
                    <div class="description left_side">
                        <h4>july 2010</h4>
                        <h4>our humble beginnings</h4>

                        <p>Lorem ipsum dolor sit amet,<br> consectetur adipisicing elit.<br> Amet cum deserunt dolorum ea<br>                            eaque excepturi incidunt ipsam,<br> quibusdam quod repudiandae.</p>
                    </div>
                </div>
            </div>

            <div class="timeline"></div>

            <div class="time_stamp">
                <div class="image ts_img_2">
                    <div class="description right_side">
                        <h4>january 2011</h4>
                        <h4>facing startup battles</h4>

                        <p>Lorem ipsum dolor sit amet,<br> consectetur adipisicing elit.<br> Amet cum deserunt dolorum ea<br>                            eaque excepturi incidunt ipsam,<br> quibusdam quod repudiandae.</p>
                    </div>
                </div>
            </div>

            <div class="timeline"></div>

            <div class="time_stamp">
                <div class="image ts_img_3">
                    <div class="description left_side">
                        <h4>december 2012</h4>
                        <h4>enter the dark days</h4>

                        <p>Lorem ipsum dolor sit amet,<br> consectetur adipisicing elit.<br> Amet cum deserunt dolorum ea<br>                            eaque excepturi incidunt ipsam,<br> quibusdam quod repudiandae.</p>
                    </div>
                </div>
            </div>

            <div class="timeline"></div>

            <div class="time_stamp">
                <div class="image ts_img_4">
                    <div class="description right_side">
                        <h4>february 2014</h4>
                        <h4>our triumph</h4>

                        <p>Lorem ipsum dolor sit amet,<br> consectetur adipisicing elit.<br> Amet cum deserunt dolorum ea<br>                            eaque excepturi incidunt ipsam,<br> quibusdam quod repudiandae.</p>
                    </div>
                </div>

            </div>

            <div class="timeline"></div>

            <div class="time_stamp">
                <div class="image">
                    <div class="description inside">
                        <h4>our <br> story<br> continues<br> ...</h4>

                    </div>
                </div>

            </div>

        </section>

        <section class="team_frame_5">
            <h2>our amazing team</h2>
            <p>Lorem ipsum dolor sit amet consectetur.</p>

            <div id="stuff">
                <div class="employee">
                    <div class="photo"></div>
                    <div class="name">
                        <h4>kimberly thompson</h4>
                        <h5>marketer</h5>
                    </div>
                    <div class="social_networks">
                        <div class="sn_icon twitter twitter_hover"></div>
                        <div class="sn_icon facebook facebook_hover"></div>
                        <div class="sn_icon pinterest pinterest_hover"></div>
                    </div>
                </div>
                <div class="employee">
                    <div class="photo"></div>
                    <div class="name">
                        <h4>rico massimo</h4>
                        <h5>coder</h5>
                    </div>
                    <div class="social_networks">
                        <div class="sn_icon twitter twitter_hover"></div>
                        <div class="sn_icon facebook facebook_hover"></div>
                        <div class="sn_icon google_plus google_plus_hover"></div>
                    </div>
                </div>
                <div class="employee">
                    <div class="photo"></div>
                    <div class="name">
                        <h4>uku mason</h4>
                        <h5>graphic designer</h5>
                    </div>
                    <div class="social_networks">
                        <div class="sn_icon twitter twitter_hover"></div>
                        <div class="sn_icon facebook facebook_hover"></div>
                        <div class="sn_icon pinterest pinterest_hover"></div>
                    </div>
                </div>
            </div>
            <p>Lorem ipsum dolor sit amet, consectetur adipisicing elit.<br> Ad adipisci animi culpa, cumque doloribus eius
                fuga fugiat.
            </p>
        </section>
        <section class="partners_frame_6">
            <img src="img/partners_logos/envato.png" alt="Envato logo" />
            <img src="img/partners_logos/wordpress.png" alt="WordPress logo" />
            <img src="img/partners_logos/tuts.png" alt="Tuts+ logo" />
            <img src="img/partners_logos/microlance.png" alt="Microlancer logo" />
        </section>
        <a id="contact"></a>
        <section class="contactus_frame_7">
            <h2>contact us</h2>
            <p>Lorem ipsum dolor sit amet consectetur.</p>

            <form action="#">
                <div class="col_1">
                    <input type="text" placeholder="your name *" />
                    <input type="email" placeholder="your e-mail *" />
                    <input type="text" placeholder="subject" />
                </div>
                <div class="col_2">
                    <textarea placeholder="your message *"></textarea>
                </div>
                <button>send message</button>
            </form>
        </section>

        <footer>
            <p>&copy Copyright 2014 FreebiesXpress.com</p>

            <div class="social_networks">
                <div class="sn_icon twitter_inverse twitter_hover"></div>
                <div class="sn_icon facebook_inverse facebook_hover"></div>
                <div class="sn_icon pinterest_inverse pinterest_hover"></div>
                <div class="sn_icon google_plus_inverse google_plus_hover"></div>

            </div>
        </footer>
    </div>
</body>

</html>