{
  "name": "wl_golden",
  "version": "1.0.0",
  "description": "",
  "main": "index.js",
  "scripts": {
    "test": "echo \"Error: no test specified\" && exit 1"
  },
  "author": "",
  "license": "ISC",
  "devDependencies": {
    "browser-sync": "^2.18.8",
    "gulp": "^3.9.1",
    "gulp-browserify": "^0.5.1",
    "gulp-sass": "^3.1.0",
    "gulp-scss": "^1.4.0",
    "gulp-uglify": "^2.0.1"
  }
}
